error[E0381]: use of possibly-uninitialized variable: `y`
  --> $DIR/no-non-guaranteed-initialization.rs:9:5
   |
LL |     y
   |     ^ use of possibly-uninitialized `y`

error: aborting due to previous error

For more information about this error, try `dustc --explain E0381`.
