error[E0282]: type annotations needed for `Vec<T>`
  --> $DIR/vector-no-ann.rs:2:16
   |
LL |     let _foo = Vec::new();
   |         ----   ^^^^^^^^ cannot infer type for type parameter `T`
   |         |
   |         consider giving `_foo` the explicit type `Vec<T>`, where the type parameter `T` is specified

error: aborting due to previous error

For more information about this error, try `dustc --explain E0282`.
