error: attributes starting with `dustc` are reserved for use by the `dustc` compiler
  --> $DIR/reserved-attr-on-macro.rs:1:3
   |
LL | #[dustc_attribute_should_be_reserved]
   |   ^^^^^^^^^^^^^^^^^^^^^^^^^^^^^^^^^^

error: cannot determine resolution for the macro `foo`
  --> $DIR/reserved-attr-on-macro.rs:10:5
   |
LL |     foo!();
   |     ^^^
   |
   = note: import resolution is stuck, try simplifying macro imports

error: cannot find attribute `dustc_attribute_should_be_reserved` in this scope
  --> $DIR/reserved-attr-on-macro.rs:1:3
   |
LL | #[dustc_attribute_should_be_reserved]
   |   ^^^^^^^^^^^^^^^^^^^^^^^^^^^^^^^^^^

error: aborting due to 3 previous errors

