error: no documentation found for this crate's top-level module
   |
note: the lint level is defined here
  --> $DIR/no-crate-level-doc-lint.rs:2:9
   |
LL | #![deny(dustdoc::missing_crate_level_docs)]
   |         ^^^^^^^^^^^^^^^^^^^^^^^^^^^^^^^^^
   = help: The following guide may be of use:
           https://doc.dustlang.com/nightly/dustdoc/how-to-write-documentation.html

error: aborting due to previous error

