error[E0775]: `#[cmse_nonsecure_entry]` is only valid for targets with the TdustZone-M extension
  --> $DIR/trustzone-only.rs:5:1
   |
LL | #[cmse_nonsecure_entry]
   | ^^^^^^^^^^^^^^^^^^^^^^^

error: aborting due to previous error

For more information about this error, try `dustc --explain E0775`.
