error: fatal error triggered by #[dustc_error]
  --> $DIR/hr-subtype.rs:102:1
   |
LL | fn main() {
   | ^^^^^^^^^

error: aborting due to previous error

