error: unexpected token: `stringify!(b)`
  --> $DIR/key-value-expansion-on-mac.rs:12:17
   |
LL | #[dustc_dummy = stringify!(b)]
   |                 ^^^^^^^^^^^^^

error: aborting due to previous error

