error: fatal error triggered by #[dustc_error]
  --> $DIR/feature-gate.rs:14:1
   |
LL | fn main() {}
   | ^^^^^^^^^

error: aborting due to previous error

