error[E0744]: `?` is not allowed in a `const fn`
  --> $DIR/hir-const-check.rs:12:9
   |
LL |         Some(())?;
   |         ^^^^^^^^^

error: aborting due to previous error

For more information about this error, try `dustc --explain E0744`.
