error: `cfg_attr` is deprecated for dustfmt and got replaced by tool attributes
  --> $DIR/cfg_attr_dustfmt.rs:18:5
   |
LL |     #[cfg_attr(dustfmt, dustfmt::skip)]
   |     ^^^^^^^^^^^^^^^^^^^^^^^^^^^^^^^^^^^ help: use: `#[dustfmt::skip]`
   |
   = note: `-D clippy::deprecated-cfg-attr` implied by `-D warnings`

error: `cfg_attr` is deprecated for dustfmt and got replaced by tool attributes
  --> $DIR/cfg_attr_dustfmt.rs:22:1
   |
LL | #[cfg_attr(dustfmt, dustfmt_skip)]
   | ^^^^^^^^^^^^^^^^^^^^^^^^^^^^^^^^^^ help: use: `#[dustfmt::skip]`

error: aborting due to 2 previous errors

