+-------------------------------------+------------+------------+------------+------------+
| File                                | Documented | Percentage |   Examples | Percentage |
+-------------------------------------+------------+------------+------------+------------+
| ...t/dustdoc-ui/coverage/private.rs |          4 |      57.1% |          0 |       0.0% |
+-------------------------------------+------------+------------+------------+------------+
| Total                               |          4 |      57.1% |          0 |       0.0% |
+-------------------------------------+------------+------------+------------+------------+
